[    0.000000] Linux version 4.15.0-136-generic (buildd@lcy01-amd64-029) (gcc version 7.5.0 (Ubuntu 7.5.0-3ubuntu1~18.04)) #140-Ubuntu SMP Thu Jan 28 05:20:47 UTC 2021 (Ubuntu 4.15.0-136.140-generic 4.15.18)
[    0.000000] Command line: BOOT_IMAGE=/boot/vmlinuz-4.15.0-136-generic root=LABEL=cloudimg-rootfs ro console=tty1 console=ttyS0
[    0.000000] KERNEL supported cpus:
[    0.000000]   Intel GenuineIntel
[    0.000000]   AMD AuthenticAMD
[    0.000000]   Centaur CentaurHauls
[    0.000000] x86/fpu: Supporting XSAVE feature 0x001: 'x87 floating point registers'
[    0.000000] x86/fpu: Supporting XSAVE feature 0x002: 'SSE registers'
[    0.000000] x86/fpu: Supporting XSAVE feature 0x004: 'AVX registers'
[    0.000000] x86/fpu: xstate_offset[2]:  576, xstate_sizes[2]:  256
[    0.000000] x86/fpu: Enabled xstate features 0x7, context size is 832 bytes, using 'standard' format.
[    0.000000] e820: BIOS-provided physical RAM map:
[    0.000000] BIOS-e820: [mem 0x0000000000000000-0x000000000009fbff] usable
[    0.000000] BIOS-e820: [mem 0x000000000009fc00-0x000000000009ffff] reserved
[    0.000000] BIOS-e820: [mem 0x00000000000f0000-0x00000000000fffff] reserved
[    0.000000] BIOS-e820: [mem 0x0000000000100000-0x000000003ffeffff] usable
[    0.000000] BIOS-e820: [mem 0x000000003fff0000-0x000000003fffffff] ACPI data
[    0.000000] BIOS-e820: [mem 0x00000000fec00000-0x00000000fec00fff] reserved
[    0.000000] BIOS-e820: [mem 0x00000000fee00000-0x00000000fee00fff] reserved
[    0.000000] BIOS-e820: [mem 0x00000000fffc0000-0x00000000ffffffff] reserved
[    0.000000] NX (Execute Disable) protection: active
[    0.000000] SMBIOS 2.5 present.
[    0.000000] DMI: innotek GmbH VirtualBox/VirtualBox, BIOS VirtualBox 12/01/2006
[    0.000000] Hypervisor detected: KVM
[    0.000000] e820: last_pfn = 0x3fff0 max_arch_pfn = 0x400000000
[    0.000000] MTRR: Disabled
[    0.000000] x86/PAT: MTRRs disabled, skipping PAT initialization too.
[    0.000000] CPU MTRRs all blank - virtualized system.
[    0.000000] x86/PAT: Configuration [0-7]: WB  WT  UC- UC  WB  WT  UC- UC  
[    0.000000] found SMP MP-table at [mem 0x0009fff0-0x0009ffff]
[    0.000000] Scanning 1 areas for low memory corruption
[    0.000000] RAMDISK: [mem 0x35a63000-0x36d28fff]
[    0.000000] ACPI: Early table checksum verification disabled
[    0.000000] ACPI: RSDP 0x00000000000E0000 000024 (v02 VBOX  )
[    0.000000] ACPI: XSDT 0x000000003FFF0030 00003C (v01 VBOX   VBOXXSDT 00000001 ASL  00000061)
[    0.000000] ACPI: FACP 0x000000003FFF00F0 0000F4 (v04 VBOX   VBOXFACP 00000001 ASL  00000061)
[    0.000000] ACPI: DSDT 0x000000003FFF0470 002325 (v02 VBOX   VBOXBIOS 00000002 INTL 20120111)
[    0.000000] ACPI: FACS 0x000000003FFF0200 000040
[    0.000000] ACPI: FACS 0x000000003FFF0200 000040
[    0.000000] ACPI: APIC 0x000000003FFF0240 00005C (v02 VBOX   VBOXAPIC 00000001 ASL  00000061)
[    0.000000] ACPI: SSDT 0x000000003FFF02A0 0001CC (v01 VBOX   VBOXCPUT 00000002 INTL 20120111)
[    0.000000] No NUMA configuration found
[    0.000000] Faking a node at [mem 0x0000000000000000-0x000000003ffeffff]
[    0.000000] NODE_DATA(0) allocated [mem 0x3ffc5000-0x3ffeffff]
[    0.000000] kvm-clock: cpu 0, msr 0:3ff44001, primary cpu clock
[    0.000000] kvm-clock: Using msrs 4b564d01 and 4b564d00
[    0.000000] kvm-clock: using sched offset of 6182382748 cycles
[    0.000000] clocksource: kvm-clock: mask: 0xffffffffffffffff max_cycles: 0x1cd42e4dffb, max_idle_ns: 881590591483 ns
[    0.000000] Zone ranges:
[    0.000000]   DMA      [mem 0x0000000000001000-0x0000000000ffffff]
[    0.000000]   DMA32    [mem 0x0000000001000000-0x000000003ffeffff]
[    0.000000]   Normal   empty
[    0.000000]   Device   empty
[    0.000000] Movable zone start for each node
[    0.000000] Early memory node ranges
[    0.000000]   node   0: [mem 0x0000000000001000-0x000000000009efff]
[    0.000000]   node   0: [mem 0x0000000000100000-0x000000003ffeffff]
[    0.000000] Reserved but unavailable: 98 pages
[    0.000000] Initmem setup node 0 [mem 0x0000000000001000-0x000000003ffeffff]
[    0.000000] ACPI: PM-Timer IO Port: 0x4008
[    0.000000] IOAPIC[0]: apic_id 2, version 32, address 0xfec00000, GSI 0-23
[    0.000000] ACPI: INT_SRC_OVR (bus 0 bus_irq 0 global_irq 2 dfl dfl)
[    0.000000] ACPI: INT_SRC_OVR (bus 0 bus_irq 9 global_irq 9 low level)
[    0.000000] Using ACPI (MADT) for SMP configuration information
[    0.000000] smpboot: Allowing 2 CPUs, 0 hotplug CPUs
[    0.000000] PM: Registered nosave memory: [mem 0x00000000-0x00000fff]
[    0.000000] PM: Registered nosave memory: [mem 0x0009f000-0x0009ffff]
[    0.000000] PM: Registered nosave memory: [mem 0x000a0000-0x000effff]
[    0.000000] PM: Registered nosave memory: [mem 0x000f0000-0x000fffff]
[    0.000000] e820: [mem 0x40000000-0xfebfffff] available for PCI devices
[    0.000000] Booting paravirtualized kernel on KVM
[    0.000000] clocksource: refined-jiffies: mask: 0xffffffff max_cycles: 0xffffffff, max_idle_ns: 7645519600211568 ns
[    0.000000] random: get_random_bytes called from start_kernel+0x99/0x500 with crng_init=0
[    0.000000] setup_percpu: NR_CPUS:8192 nr_cpumask_bits:2 nr_cpu_ids:2 nr_node_ids:1
[    0.000000] percpu: Embedded 45 pages/cpu s147456 r8192 d28672 u1048576
[    0.000000] PV qspinlock hash table entries: 256 (order: 0, 4096 bytes)
[    0.000000] Built 1 zonelists, mobility grouping on.  Total pages: 257913
[    0.000000] Policy zone: DMA32
[    0.000000] Kernel command line: BOOT_IMAGE=/boot/vmlinuz-4.15.0-136-generic root=LABEL=cloudimg-rootfs ro console=tty1 console=ttyS0
[    0.000000] Memory: 983020K/1048120K available (12300K kernel code, 2482K rwdata, 4276K rodata, 2440K init, 2724K bss, 65100K reserved, 0K cma-reserved)
[    0.000000] SLUB: HWalign=64, Order=0-3, MinObjects=0, CPUs=2, Nodes=1
[    0.000000] Kernel/User page tables isolation: enabled
[    0.000000] ftrace: allocating 39427 entries in 155 pages
[    0.004000] Hierarchical RCU implementation.
[    0.004000] 	RCU restricting CPUs from NR_CPUS=8192 to nr_cpu_ids=2.
[    0.004000] 	Tasks RCU enabled.
[    0.004000] RCU: Adjusting geometry for rcu_fanout_leaf=16, nr_cpu_ids=2
[    0.004000] NR_IRQS: 524544, nr_irqs: 440, preallocated irqs: 16
[    0.004000] Console: colour VGA+ 80x25
[    0.004000] console [tty1] enabled
[    0.004000] console [ttyS0] enabled
[    0.004000] ACPI: Core revision 20170831
[    0.004000] ACPI: 2 ACPI AML tables successfully acquired and loaded
[    0.004000] APIC: Switch to symmetric I/O mode setup
[    0.004000] x2apic enabled
[    0.004000] Switched APIC routing to physical x2apic.
[    0.004000] ..TIMER: vector=0x30 apic1=0 pin1=2 apic2=-1 pin2=-1
[    0.004004] tsc: Detected 2903.998 MHz processor
[    0.004864] Calibrating delay loop (skipped) preset value.. 5807.99 BogoMIPS (lpj=11615992)
[    0.005539] pid_max: default: 32768 minimum: 301
[    0.008026] Security Framework initialized
[    0.008800] Yama: becoming mindful.
[    0.009486] AppArmor: AppArmor initialized
[    0.011464] Dentry cache hash table entries: 131072 (order: 8, 1048576 bytes)
[    0.012048] Inode-cache hash table entries: 65536 (order: 7, 524288 bytes)
[    0.013527] Mount-cache hash table entries: 2048 (order: 2, 16384 bytes)
[    0.014742] Mountpoint-cache hash table entries: 2048 (order: 2, 16384 bytes)
[    0.016240] Last level iTLB entries: 4KB 64, 2MB 8, 4MB 8
[    0.017235] Last level dTLB entries: 4KB 64, 2MB 0, 4MB 0, 1GB 4
[    0.018320] Spectre V1 : Mitigation: usercopy/swapgs barriers and __user pointer sanitization
[    0.020002] Spectre V2 : Mitigation: Full generic retpoline
[    0.021018] Spectre V2 : Spectre v2 / SpectreRSB mitigation: Filling RSB on context switch
[    0.022520] Speculative Store Bypass: Vulnerable
[    0.024038] SRBDS: Unknown: Dependent on hypervisor status
[    0.025040] MDS: Mitigation: Clear CPU buffers
[    0.026012] Freeing SMP alternatives memory: 36K
[    0.136547] smpboot: CPU0: Intel(R) Core(TM) i7-6920HQ CPU @ 2.90GHz (family: 0x6, model: 0x5e, stepping: 0x3)
[    0.139170] Performance Events: unsupported p6 CPU model 94 no PMU driver, software events only.
[    0.140032] Hierarchical SRCU implementation.
[    0.141477] NMI watchdog: Perf event create on CPU 0 failed with -2
[    0.142623] NMI watchdog: Perf NMI watchdog permanently disabled
[    0.144038] smp: Bringing up secondary CPUs ...
[    0.144956] x86: Booting SMP configuration:
[    0.145750] .... node  #0, CPUs:      #1
[    0.004000] kvm-clock: cpu 1, msr 0:3ff44041, secondary cpu clock
[    0.150160] smp: Brought up 1 node, 2 CPUs
[    0.150160] smpboot: Max logical packages: 1
[    0.150160] smpboot: Total of 2 processors activated (11615.99 BogoMIPS)
[    0.152100] devtmpfs: initialized
[    0.152788] x86/mm: Memory block size: 128MB
[    0.153751] evm: security.selinux
[    0.156003] evm: security.SMACK64
[    0.156645] evm: security.SMACK64EXEC
[    0.157345] evm: security.SMACK64TRANSMUTE
[    0.158118] evm: security.SMACK64MMAP
[    0.159025] evm: security.apparmor
[    0.159679] evm: security.ima
[    0.160002] evm: security.capability
[    0.160734] clocksource: jiffies: mask: 0xffffffff max_cycles: 0xffffffff, max_idle_ns: 7645041785100000 ns
[    0.162360] futex hash table entries: 512 (order: 3, 32768 bytes)
[    0.165185] pinctrl core: initialized pinctrl subsystem
[    0.166248] RTC time: 16:42:51, date: 03/07/21
[    0.168046] NET: Registered protocol family 16
[    0.168944] audit: initializing netlink subsys (disabled)
[    0.169961] audit: type=2000 audit(1615135379.088:1): state=initialized audit_enabled=0 res=1
[    0.169961] cpuidle: using governor ladder
[    0.172011] cpuidle: using governor menu
[    0.172824] ACPI: bus type PCI registered
[    0.173660] acpiphp: ACPI Hot Plug PCI Controller Driver version: 0.5
[    0.176114] PCI: Using configuration type 1 for base access
[    0.177553] HugeTLB registered 2.00 MiB page size, pre-allocated 0 pages
[    0.180069] ACPI: Added _OSI(Module Device)
[    0.180867] ACPI: Added _OSI(Processor Device)
[    0.181805] ACPI: Added _OSI(3.0 _SCP Extensions)
[    0.184004] ACPI: Added _OSI(Processor Aggregator Device)
[    0.185019] ACPI: Added _OSI(Linux-Dell-Video)
[    0.185848] ACPI: Added _OSI(Linux-Lenovo-NV-HDMI-Audio)
[    0.187223] ACPI: Added _OSI(Linux-HPI-Hybrid-Graphics)
[    0.188347] ACPI: Executed 1 blocks of module-level executable AML code
[    0.193483] ACPI: Interpreter enabled
[    0.194615] ACPI: (supports S0 S5)
[    0.195273] ACPI: Using IOAPIC for interrupt routing
[    0.196125] PCI: Using host bridge windows from ACPI; if necessary, use "pci=nocrs" and report a bug
[    0.197971] ACPI: Enabled 2 GPEs in block 00 to 07
[    0.205086] ACPI: PCI Root Bridge [PCI0] (domain 0000 [bus 00-ff])
[    0.206883] acpi PNP0A03:00: _OSC: OS supports [ASPM ClockPM Segments MSI]
[    0.208402] acpi PNP0A03:00: _OSC: not requesting OS control; OS requires [ExtendedConfig ASPM ClockPM MSI]
[    0.210459] acpi PNP0A03:00: fail to add MMCONFIG information, can't access extended PCI configuration space under this bridge.
[    0.212466] PCI host bridge to bus 0000:00
[    0.213350] pci_bus 0000:00: root bus resource [io  0x0000-0x0cf7 window]
[    0.214591] pci_bus 0000:00: root bus resource [io  0x0d00-0xffff window]
[    0.216005] pci_bus 0000:00: root bus resource [mem 0x000a0000-0x000bffff window]
[    0.217485] pci_bus 0000:00: root bus resource [mem 0x40000000-0xfdffffff window]
[    0.220004] pci_bus 0000:00: root bus resource [bus 00-ff]
[    0.224025] pci 0000:00:01.1: legacy IDE quirk: reg 0x10: [io  0x01f0-0x01f7]
[    0.225774] pci 0000:00:01.1: legacy IDE quirk: reg 0x14: [io  0x03f6]
[    0.227227] pci 0000:00:01.1: legacy IDE quirk: reg 0x18: [io  0x0170-0x0177]
[    0.228006] pci 0000:00:01.1: legacy IDE quirk: reg 0x1c: [io  0x0376]
[    0.242932] pci 0000:00:07.0: quirk: [io  0x4000-0x403f] claimed by PIIX4 ACPI
[    0.244024] pci 0000:00:07.0: quirk: [io  0x4100-0x410f] claimed by PIIX4 SMB
[    0.251529] ACPI: PCI Interrupt Link [LNKA] (IRQs 5 9 10 *11)
[    0.252280] ACPI: PCI Interrupt Link [LNKB] (IRQs 5 9 *10 11)
[    0.253471] ACPI: PCI Interrupt Link [LNKC] (IRQs 5 *9 10 11)
[    0.254633] ACPI: PCI Interrupt Link [LNKD] (IRQs 5 9 10 *11)
[    0.256338] SCSI subsystem initialized
[    0.257101] pci 0000:00:02.0: vgaarb: setting as boot VGA device
[    0.257150] pci 0000:00:02.0: vgaarb: VGA device added: decodes=io+mem,owns=io+mem,locks=none
[    0.260008] pci 0000:00:02.0: vgaarb: bridge control possible
[    0.261072] vgaarb: loaded
[    0.261634] ACPI: bus type USB registered
[    0.262414] usbcore: registered new interface driver usbfs
[    0.264016] usbcore: registered new interface driver hub
[    0.265009] usbcore: registered new device driver usb
[    0.265979] EDAC MC: Ver: 3.0.0
[    0.265979] PCI: Using ACPI for IRQ routing
[    0.268287] NetLabel: Initializing
[    0.268952] NetLabel:  domain hash size = 128
[    0.269789] NetLabel:  protocols = UNLABELED CIPSOv4 CALIPSO
[    0.270841] NetLabel:  unlabeled traffic allowed by default
[    0.272067] clocksource: Switched to clocksource kvm-clock
[    0.284356] VFS: Disk quotas dquot_6.6.0
[    0.285352] VFS: Dquot-cache hash table entries: 512 (order 0, 4096 bytes)
[    0.287172] AppArmor: AppArmor Filesystem Enabled
[    0.288558] pnp: PnP ACPI init
[    0.290446] pnp: PnP ACPI: found 3 devices
[    0.299935] clocksource: acpi_pm: mask: 0xffffff max_cycles: 0xffffff, max_idle_ns: 2085701024 ns
[    0.302082] NET: Registered protocol family 2
[    0.303041] TCP established hash table entries: 8192 (order: 4, 65536 bytes)
[    0.304445] TCP bind hash table entries: 8192 (order: 5, 131072 bytes)
[    0.306800] TCP: Hash tables configured (established 8192 bind 8192)
[    0.308177] UDP hash table entries: 512 (order: 2, 16384 bytes)
[    0.309301] UDP-Lite hash table entries: 512 (order: 2, 16384 bytes)
[    0.310479] NET: Registered protocol family 1
[    0.311324] pci 0000:00:00.0: Limiting direct PCI/PCI transfers
[    0.312454] pci 0000:00:01.0: Activating ISA DMA hang workarounds
[    0.313785] pci 0000:00:02.0: Video device with shadowed ROM at [mem 0x000c0000-0x000dffff]
[    0.315876] Unpacking initramfs...
[    0.595204] Freeing initrd memory: 19224K
[    0.596455] clocksource: tsc: mask: 0xffffffffffffffff max_cycles: 0x29dc03c1beb, max_idle_ns: 440795205215 ns
[    0.598315] platform rtc_cmos: registered platform RTC device (no PNP device found)
[    0.599763] Scanning for low memory corruption every 60 seconds
[    0.601434] Initialise system trusted keyrings
[    0.602293] Key type blacklist registered
[    0.603150] workingset: timestamp_bits=36 max_order=18 bucket_order=0
[    0.605144] zbud: loaded
[    0.606352] squashfs: version 4.0 (2009/01/31) Phillip Lougher
[    0.608012] fuse init (API version 7.26)
[    0.610717] Key type asymmetric registered
[    0.611509] Asymmetric key parser 'x509' registered
[    0.612473] Block layer SCSI generic (bsg) driver version 0.4 loaded (major 246)
[    0.613903] io scheduler noop registered
[    0.614646] io scheduler deadline registered
[    0.615471] io scheduler cfq registered (default)
[    0.616864] ACPI: AC Adapter [AC] (on-line)
[    0.617700] input: Power Button as /devices/LNXSYSTM:00/LNXPWRBN:00/input/input0
[    0.619191] ACPI: Power Button [PWRF]
[    0.620555] input: Sleep Button as /devices/LNXSYSTM:00/LNXSLPBN:00/input/input1
[    0.622394] ACPI: Sleep Button [SLPF]
[    0.624736] ACPI: Battery Slot [BAT0] (battery present)
[    0.625905] Serial: 8250/16550 driver, 32 ports, IRQ sharing enabled
[    0.648230] 00:02: ttyS0 at I/O 0x3f8 (irq = 4, base_baud = 115200) is a 16550A
[    0.652099] Linux agpgart interface v0.103
[    0.654168] loop: module loaded
[    0.655276] scsi host0: ata_piix
[    0.656092] scsi host1: ata_piix
[    0.656765] ata1: PATA max UDMA/33 cmd 0x1f0 ctl 0x3f6 bmdma 0xd000 irq 14
[    0.658020] ata2: PATA max UDMA/33 cmd 0x170 ctl 0x376 bmdma 0xd008 irq 15
[    0.659793] libphy: Fixed MDIO Bus: probed
[    0.660606] tun: Universal TUN/TAP device driver, 1.6
[    0.661621] PPP generic driver version 2.4.2
[    0.662629] ehci_hcd: USB 2.0 'Enhanced' Host Controller (EHCI) Driver
[    0.663915] ehci-pci: EHCI PCI platform driver
[    0.665085] ehci-platform: EHCI generic platform driver
[    0.666172] ohci_hcd: USB 1.1 'Open' Host Controller (OHCI) Driver
[    0.667298] ohci-pci: OHCI PCI platform driver
[    0.668135] ohci-platform: OHCI generic platform driver
[    0.669533] uhci_hcd: USB Universal Host Controller Interface driver
[    0.670746] i8042: PNP: PS/2 Controller [PNP0303:PS2K,PNP0f03:PS2M] at 0x60,0x64 irq 1,12
[    0.672984] serio: i8042 KBD port at 0x60,0x64 irq 1
[    0.674026] serio: i8042 AUX port at 0x60,0x64 irq 12
[    0.675175] mousedev: PS/2 mouse device common for all mice
[    0.676920] input: AT Translated Set 2 keyboard as /devices/platform/i8042/serio0/input/input2
[    0.678678] rtc_cmos rtc_cmos: rtc core: registered rtc_cmos as rtc0
[    0.679900] rtc_cmos rtc_cmos: alarms up to one day, 114 bytes nvram
[    0.681106] i2c /dev entries driver
[    0.681822] device-mapper: uevent: version 1.0.3
[    0.682759] device-mapper: ioctl: 4.37.0-ioctl (2017-09-20) initialised: dm-devel@redhat.com
[    0.684465] ledtrig-cpu: registered to indicate activity on CPUs
[    0.685946] NET: Registered protocol family 10
[    0.690268] Segment Routing with IPv6
[    0.691365] NET: Registered protocol family 17
[    0.692599] Key type dns_resolver registered
[    0.693633] mce: Using 0 MCE banks
[    0.694373] RAS: Correctable Errors collector initialized.
[    0.695392] sched_clock: Marking stable (693612629, 0)->(838965291, -145352662)
[    0.697133] registered taskstats version 1
[    0.697919] Loading compiled-in X.509 certificates
[    0.700710] Loaded X.509 cert 'Build time autogenerated kernel key: c356b48d5f070be9e15fb09bbd57426939f0386e'
[    0.702634] zswap: loaded using pool lzo/zbud
[    0.706755] Key type big_key registered
[    0.707618] Key type trusted registered
[    0.710149] Key type encrypted registered
[    0.710913] AppArmor: AppArmor sha1 policy hashing enabled
[    0.711940] ima: No TPM chip found, activating TPM-bypass! (rc=-19)
[    0.713118] ima: Allocated hash algorithm: sha1
[    0.714203] evm: HMAC attrs: 0x1
[    0.715191]   Magic number: 13:886:741
[    0.716241] workqueue writeback: hash matches
[    0.717174] rtc_cmos rtc_cmos: setting system clock to 2021-03-07 16:42:52 UTC (1615135372)
[    0.718845] BIOS EDD facility v0.16 2004-Jun-25, 0 devices found
[    0.719953] EDD information not available.
[    0.843278] Freeing unused kernel image memory: 2440K
[    0.852816] Write protecting the kernel read-only data: 20480k
[    0.855550] Freeing unused kernel image memory: 2008K
[    0.857487] Freeing unused kernel image memory: 1868K
[    0.865537] x86/mm: Checked W+X mappings: passed, no W+X pages found.
[    0.867764] x86/mm: Checking user space page tables
[    0.875611] x86/mm: Checked W+X mappings: passed, no W+X pages found.
Loading, please wait...
starting version 237
[    0.928826] Fusion MPT base driver 3.04.20
[    0.929961] Copyright (c) 1999-2008 LSI Corporation
[    0.933327] e1000: Intel(R) PRO/1000 Network Driver - version 7.3.21-k8-NAPI
[    0.935274] e1000: Copyright (c) 1999-2006 Intel Corporation.
[    0.936837] Fusion MPT SPI Host driver 3.04.20
[    0.941069] mptbase: ioc0: Initiating bringup
[    0.961853] AVX2 version of gcm_enc/dec engaged.
[    0.963158] AES CTR mode by8 optimization enabled
[    1.206818] ioc0: LSI53C1030 A0: Capabilities={Initiator}
[    1.213986] input: ImExPS/2 Generic Explorer Mouse as /devices/platform/i8042/serio1/input/input4
[    3.919774] scsi host2: ioc0: LSI53C1030 A0, FwRev=00000000h, Ports=1, MaxQ=256, IRQ=20
[    8.059815] scsi 2:0:0:0: Direct-Access     VBOX     HARDDISK         1.0  PQ: 0 ANSI: 5
[    8.096040] scsi target2:0:0: Beginning Domain Validation
[    8.101132] scsi target2:0:0: Domain Validation skipping write tests
[    8.103335] scsi target2:0:0: Ending Domain Validation
[    8.105074] scsi target2:0:0: asynchronous
[    8.107086] scsi 2:0:1:0: Direct-Access     VBOX     HARDDISK         1.0  PQ: 0 ANSI: 5
[    8.380092] scsi target2:0:1: Beginning Domain Validation
[    8.382898] random: fast init done
[    8.384073] scsi target2:0:1: Domain Validation skipping write tests
[    8.385715] scsi target2:0:1: Ending Domain Validation
[    8.386978] scsi target2:0:1: asynchronous
[    8.393185] random: systemd-udevd: uninitialized urandom read (16 bytes read)
[    8.393238] sd 2:0:0:0: Attached scsi generic sg0 type 0
[    8.394977] random: systemd-udevd: uninitialized urandom read (16 bytes read)
[    8.398113] random: systemd-udevd: uninitialized urandom read (16 bytes read)
[    8.399826] sd 2:0:1:0: Attached scsi generic sg1 type 0
[    8.399983] sd 2:0:0:0: [sda] 83886080 512-byte logical blocks: (42.9 GB/40.0 GiB)
[    8.403813] sd 2:0:0:0: [sda] Write Protect is off
[    8.405554] sd 2:0:1:0: [sdb] 20480 512-byte logical blocks: (10.5 MB/10.0 MiB)
[    8.407944] sd 2:0:1:0: [sdb] Write Protect is off
[    8.409247] sd 2:0:0:0: [sda] Incomplete mode parameter data
[    8.410886] sd 2:0:0:0: [sda] Assuming drive cache: write through
[    8.412717] sd 2:0:1:0: [sdb] Incomplete mode parameter data
[    8.414178] sd 2:0:1:0: [sdb] Assuming drive cache: write through
[    8.420303]  sda: sda1
[    8.421760] sd 2:0:1:0: [sdb] Attached SCSI disk
[    8.424911] sd 2:0:0:0: [sda] Attached SCSI disk
[    8.504993] e1000 0000:00:03.0 eth0: (PCI:33MHz:32-bit) 02:23:22:c3:32:51
[    8.506909] e1000 0000:00:03.0 eth0: Intel(R) PRO/1000 Network Connection
[    8.509493] e1000 0000:00:03.0 enp0s3: renamed from eth0
Begin: Loading essential drivers ... [   10.008219] raid6: sse2x1   gen() 11650 MB/s
[   10.056132] raid6: sse2x1   xor()  8383 MB/s
[   10.104186] raid6: sse2x2   gen() 13719 MB/s
[   10.152248] raid6: sse2x2   xor()  9378 MB/s
[   10.200236] raid6: sse2x4   gen() 15116 MB/s
[   10.248290] raid6: sse2x4   xor()  9775 MB/s
[   10.296119] raid6: avx2x1   gen() 23310 MB/s
[   10.344179] raid6: avx2x1   xor() 16181 MB/s
[   10.392061] raid6: avx2x2   gen() 26967 MB/s
[   10.440010] raid6: avx2x2   xor() 17187 MB/s
[   10.488263] raid6: avx2x4   gen() 30835 MB/s
[   10.536516] raid6: avx2x4   xor() 17746 MB/s
[   10.537852] raid6: using algorithm avx2x4 gen() 30835 MB/s
[   10.539009] raid6: .... xor() 17746 MB/s, rmw enabled
[   10.540065] raid6: using avx2x2 recovery algorithm
[   10.542282] xor: automatically using best checksumming function   avx       
[   10.545028] async_tx: api initialized (async)
done.
Begin: Running /scripts/init-premount ... done.
Begin: Mounting root file system ... Begin: Running /scripts/local-top ... done.
Begin: Running /scripts/local-premount ... [   10.587962] Btrfs loaded, crc32c=crc32c-intel
Scanning for Btrfs filesystems
done.
Warning: fsck not present, so skipping root file system
[   10.619446] EXT4-fs (sda1): mounted filesystem with ordered data mode. Opts: (null)
done.
Begin: Running /scripts/local-bottom ... done.
Begin: Running /scripts/init-bottom ... done.
[   10.775590] ip_tables: (C) 2000-2006 Netfilter Core Team
[   10.785239] systemd[1]: systemd 237 running in system mode. (+PAM +AUDIT +SELINUX +IMA +APPARMOR +SMACK +SYSVINIT +UTMP +LIBCRYPTSETUP +GCRYPT +GNUTLS +ACL +XZ +LZ4 +SECCOMP +BLKID +ELFUTILS +KMOD -IDN2 +IDN -PCRE2 default-hierarchy=hybrid)
[   10.789606] systemd[1]: Detected virtualization oracle.
[   10.790591] systemd[1]: Detected architecture x86-64.

Welcome to [1mUbuntu 18.04.5 LTS[0m!

[   10.808703] systemd[1]: Set hostname to <ubuntu>.
[   10.821201] systemd[1]: Initializing machine ID from random generator.
[   10.822983] systemd[1]: Installed transient /etc/machine-id file.
[   11.100734] systemd[1]: Reached target User and Group Name Lookups.
[[0;32m  OK  [0m] Reached target User and Group Name Lookups.
[   11.105250] systemd[1]: Created slice System Slice.
[[0;32m  OK  [0m] Created slice System Slice.
[   11.107074] systemd[1]: Listening on Journal Socket.
[[0;32m  OK  [0m] Listening on Journal Socket.
[   11.109464] systemd[1]: Mounting POSIX Message Queue File System...
         Mounting POSIX Message Queue File System...
         Starting Load Kernel Modules...
         Starting Create list of required stâ€¦ce nodes for the current kernel...
[[0;32m  OK  [0m] Listening on Syslog Socket.
[   11.128889] Loading iSCSI transport class v2.0-870.
[[0;32m  OK  [0m] Set up automount Arbitrary Executabâ€¦rmats File System Automount Point.
[   11.134435] iscsi: registered transport (tcp)
[[0;32m  OK  [0m] Listening on Device-mapper event daemon FIFOs.
[[0;32m  OK  [0m] Listening on Network Service Netlink Socket.
         Starting Uncomplicated firewall...
[[0;32m  OK  [0m] Reached target Swap.
[   11.150732] iscsi: registered transport (iser)
[[0;32m  OK  [0m] Created slice system-serial\x2dgetty.slice.
[[0;32m  OK  [0m] Listening on Journal Audit Socket.
[[0;32m  OK  [0m] Started Forward Password Requests to Wall Directory Watch.
[[0;32m  OK  [0m] Created slice User and Session Slice.
[[0;32m  OK  [0m] Reached target Slices.
[[0;32m  OK  [0m] Listening on /dev/initctl Compatibility Named Pipe.
[[0;32m  OK  [0m] Listening on udev Control Socket.
[[0;32m  OK  [0m] Listening on LVM2 metadata daemon socket.
[[0;32m  OK  [0m] Listening on Journal Socket (/dev/log).
         Starting Journal Service...
         Starting Set the console keyboard layout...
[[0;32m  OK  [0m] Listening on udev Kernel Socket.
         Starting udev Coldplug all Devices...
         Starting Monitoring of LVM2 mirrorsâ€¦ng dmeventd or progress polling...
[[0;32m  OK  [0m] Listening on LVM2 poll daemon socket.
         Mounting Huge Pages File System...
[[0;32m  OK  [0m] Listening on fsck to fsckd communication Socket.
         Starting File System Check on Root Device...
         Mounting Kernel Debug File System...
[[0;32m  OK  [0m] Reached target System Time Synchronized.
[[0;32m  OK  [0m] Started Journal Service.
[[0;32m  OK  [0m] Mounted POSIX Message Queue File System.
[[0;32m  OK  [0m] Started Load Kernel Modules.
[[0;32m  OK  [0m] Started Create list of required staâ€¦vice nodes for the current kernel.
[[0;32m  OK  [0m] Started Uncomplicated firewall.
[[0;32m  OK  [0m] Mounted Huge Pages File System.
[[0;32m  OK  [0m] Mounted Kernel Debug File System.
[[0;32m  OK  [0m] Started LVM2 metadata daemon.
         Starting Create Static Device Nodes in /dev...
         Mounting Kernel Configuration File System...
         Mounting FUSE Control File System...
         Starting Apply Kernel Variables...
[[0;32m  OK  [0m] Mounted Kernel Configuration File System.
[[0;32m  OK  [0m] Started File System Check Daemon to report status.
[[0;32m  OK  [0m] Mounted FUSE Control File System.
[[0;32m  OK  [0m] Started Create Static Device Nodes in /dev.
[[0;32m  OK  [0m] Started udev Coldplug all Devices.
[[0;32m  OK  [0m] Started Monitoring of LVM2 mirrors,â€¦sing dmeventd or progress polling.
[[0;32m  OK  [0m] Started File System Check on Root Device.
         Starting Remount Root and Kernel File Systems...
[[0;32m  OK  [0m] Started Apply Kernel Variables.
[[0;32m  OK  [0m] Started Remount Root and Kernel File Systems.
         Starting udev Kernel Device Manager...
         Starting Flush Journal to Persistent Storage...
         Starting Load/Save Random Seed...
[[0;32m  OK  [0m] Started Set the console keyboard layout.
[[0;32m  OK  [0m] Reached target Local File Systems (Pre).
[[0;32m  OK  [0m] Reached target Local File Systems.
         Starting ebtables ruleset management...
         Starting Set console font and keymap...
         Starting Commit a transient machine-id on disk...
         Starting AppArmor initialization...
         Starting Tell Plymouth To Write Out Runtime Data...
[[0;32m  OK  [0m] Started udev Kernel Device Manager.
[[0;32m  OK  [0m] Started Dispatch Password Requests to Console Directory Watch.
[[0;32m  OK  [0m] Reached target Local Encrypted Volumes.
[[0;32m  OK  [0m] Started Load/Save Random Seed.
[[0;32m  OK  [0m] Started Set console font and keymap.
[[0;32m  OK  [0m] Started Tell Plymouth To Write Out Runtime Data.
[[0;32m  OK  [0m] Started Flush Journal to Persistent Storage.
[[0;32m  OK  [0m] Started Commit a transient machine-id on disk.
         Starting Create Volatile Files and Directories...
[[0;32m  OK  [0m] Started ebtables ruleset management.
[[0;32m  OK  [0m] Started Create Volatile Files and Directories.
         Starting Update UTMP about System Boot/Shutdown...
[[0;32m  OK  [0m] Started Update UTMP about System Boot/Shutdown.
[[0;32m  OK  [0m] Found device /dev/ttyS0.
[[0;32m  OK  [0m] Listening on Load/Save RF Kill Switch Status /dev/rfkill Watch.
[[0;32m  OK  [0m] Started AppArmor initialization.
         Starting Initial cloud-init job (pre-networking)...
         Starting Load AppArmor profiles managed internally by snapd...
[[0;32m  OK  [0m] Started Load AppArmor profiles managed internally by snapd.
[   13.548068] cloud-init[571]: Cloud-init v. 20.4.1-0ubuntu1~18.04.1 running 'init-local' at Sun, 07 Mar 2021 16:43:05 +0000. Up 13.23 seconds.
[[0;32m  OK  [0m] Started Initial cloud-init job (pre-networking).
[[0;32m  OK  [0m] Reached target Network (Pre).
         Starting Network Service...
[[0;32m  OK  [0m] Started Network Service.
         Starting Wait for Network to be Configured...
         Starting Network Name Resolution...
[[0;32m  OK  [0m] Started Network Name Resolution.
[[0;32m  OK  [0m] Reached target Host and Network Name Lookups.
[[0;32m  OK  [0m] Reached target Network.
[[0;32m  OK  [0m] Started Wait for Network to be Configured.
         Starting Initial cloud-init job (metadata service crawler)...
[   15.620751] cloud-init[714]: Cloud-init v. 20.4.1-0ubuntu1~18.04.1 running 'init' at Sun, 07 Mar 2021 16:43:07 +0000. Up 15.49 seconds.
[   15.621910] cloud-init[714]: ci-info: ++++++++++++++++++++++++++++++++++++++Net device info++++++++++++++++++++++++++++++++++++++
[   15.623940] cloud-init[714]: ci-info: +--------+------+----------------------------+---------------+--------+-------------------+
[   15.626112] cloud-init[714]: ci-info: | Device |  Up  |          Address           |      Mask     | Scope  |     Hw-Address    |
[   15.627602] cloud-init[714]: ci-info: +--------+------+----------------------------+---------------+--------+-------------------+
[   15.640294] cloud-init[714]: ci-info: | enp0s3 | True |         10.0.2.15          | 255.255.255.0 | global | 02:23:22:c3:32:51 |
[   15.644850] cloud-init[714]: ci-info: | enp0s3 | True | fe80::23:22ff:fec3:3251/64 |       .       |  link  | 02:23:22:c3:32:51 |
[   15.646023] cloud-init[714]: ci-info: |   lo   | True |         127.0.0.1          |   255.0.0.0   |  host  |         .         |
[   15.647809] cloud-init[714]: ci-info: |   lo   | True |          ::1/128           |       .       |  host  |         .         |
[   15.649137] cloud-init[714]: ci-info: +--------+------+----------------------------+---------------+--------+-------------------+
[   15.660226] cloud-init[714]: ci-info: ++++++++++++++++++++++++++++Route IPv4 info+++++++++++++++++++++++++++++
[   15.672187] cloud-init[714]: ci-info: +-------+-------------+----------+-----------------+-----------+-------+
[   15.684315] cloud-init[714]: ci-info: | Route | Destination | Gateway  |     Genmask     | Interface | Flags |
[   15.685430] cloud-init[714]: ci-info: +-------+-------------+----------+-----------------+-----------+-------+
[   15.686776] cloud-init[714]: ci-info: |   0   |   0.0.0.0   | 10.0.2.2 |     0.0.0.0     |   enp0s3  |   UG  |
[   15.687948] cloud-init[714]: ci-info: |   1   |   10.0.2.0  | 0.0.0.0  |  255.255.255.0  |   enp0s3  |   U   |
[   15.689253] cloud-init[714]: ci-info: |   2   |   10.0.2.2  | 0.0.0.0  | 255.255.255.255 |   enp0s3  |   UH  |
[   15.690777] cloud-init[714]: ci-info: +-------+-------------+----------+-----------------+-----------+-------+
[   15.692321] cloud-init[714]: ci-info: +++++++++++++++++++Route IPv6 info+++++++++++++++++++
[   15.693320] cloud-init[714]: ci-info: +-------+-------------+---------+-----------+-------+
[   15.694305] cloud-init[714]: ci-info: | Route | Destination | Gateway | Interface | Flags |
[   15.695253] cloud-init[714]: ci-info: +-------+-------------+---------+-----------+-------+
[   15.708206] cloud-init[714]: ci-info: |   1   |  fe80::/64  |    ::   |   enp0s3  |   U   |
[   15.720255] cloud-init[714]: ci-info: |   3   |    local    |    ::   |   enp0s3  |   U   |
[   15.732547] cloud-init[714]: ci-info: |   4   |   ff00::/8  |    ::   |   enp0s3  |   U   |
[   15.733552] cloud-init[714]: ci-info: +-------+-------------+---------+-----------+-------+
[   16.979354] cloud-init[714]: Generating public/private rsa key pair.
[   16.979941] cloud-init[714]: Your identification has been saved in /etc/ssh/ssh_host_rsa_key.
[   16.992338] cloud-init[714]: Your public key has been saved in /etc/ssh/ssh_host_rsa_key.pub.
[   16.993982] cloud-init[714]: The key fingerprint is:
[   16.995073] cloud-init[714]: SHA256:Wn3wkhlV7paMNoGgvTHD5DashmBrlz6crfaRbx/mIfs root@ubuntu-bionic
[   17.008301] cloud-init[714]: The key's randomart image is:
[   17.009255] cloud-init[714]: +---[RSA 2048]----+
[   17.010390] cloud-init[714]: |        o   ...  |
[   17.011296] cloud-init[714]: |       B . o .   |
[   17.011901] cloud-init[714]: |  o   . @ + . .  |
[   17.012810] cloud-init[714]: | . o o o B * = . |
[   17.013261] cloud-init[714]: |  o + o S = * =  |
[   17.024570] cloud-init[714]: | . + + +   + o   |
[   17.026369] cloud-init[714]: |    = = . +      |
[   17.036248] cloud-init[714]: |    .o o.= o     |
[   17.037329] cloud-init[714]: |   .....ooE      |
[   17.038310] cloud-init[714]: +----[SHA256]-----+
[   17.039333] cloud-init[714]: Generating public/private dsa key pair.
[   17.040471] cloud-init[714]: Your identification has been saved in /etc/ssh/ssh_host_dsa_key.
[   17.041994] cloud-init[714]: Your public key has been saved in /etc/ssh/ssh_host_dsa_key.pub.
[   17.043856] cloud-init[714]: The key fingerprint is:
[   17.045134] cloud-init[714]: SHA256:FWryFkXyRGL3J8cqcVE5ibSa2R5Rv5xhc+fYB70KjwA root@ubuntu-bionic
[   17.047051] cloud-init[714]: The key's randomart image is:
[   17.048334] cloud-init[714]: +---[DSA 1024]----+
[   17.049243] cloud-init[714]: |        +oB.oooo |
[   17.050107] cloud-init[714]: |       . O o.=+o |
[   17.051044] cloud-init[714]: |      .E+ + * ===|
[   17.052051] cloud-init[714]: |       +.o B *o=O|
[   17.053019] cloud-init[714]: |        S.=.+ .=+|
[   17.054083] cloud-init[714]: |       .  .o+.. .|
[   17.055154] cloud-init[714]: |           ..o   |
[   17.055997] cloud-init[714]: |                 |
[   17.057127] cloud-init[714]: |                 |
[   17.058090] cloud-init[714]: +----[SHA256]-----+
[   17.058959] cloud-init[714]: Generating public/private ecdsa key pair.
[   17.060333] cloud-init[714]: Your identification has been saved in /etc/ssh/ssh_host_ecdsa_key.
[   17.062063] cloud-init[714]: Your public key has been saved in /etc/ssh/ssh_host_ecdsa_key.pub.
[   17.063683] cloud-init[714]: The key fingerprint is:
[   17.064511] cloud-init[714]: SHA256:lSvtoFmywj2h21aK3Nb2kdF0NURUyAP+WIdMhqgXTao root@ubuntu-bionic
[   17.065834] cloud-init[714]: The key's randomart image is:
[   17.066861] cloud-init[714]: +---[ECDSA 256]---+
[   17.067778] cloud-init[714]: |           +o+**+|
[   17.068634] cloud-init[714]: |          o+o++o.|
[   17.069942] cloud-init[714]: |         .+.o =..|
[   17.071104] cloud-init[714]: |        .+.+ = . |
[   17.071915] cloud-init[714]: |      o E.+ o .  |
[   17.073105] cloud-init[714]: |   . o B.+ o     |
[   17.074092] cloud-init[714]: |   .+o*+  +      |
[[0;32m  OK  [0m[   17.084295] cloud-init[714]: |    o+=.o  .     |
[   17.084854] cloud-init[714]: |    .o.. ..      |] 
Started Initial cloud-init job (metadata service crawler).
[   17.085258] cloud-init[714]: +----[SHA256]-----+
[   17.087962] cloud-init[714]: Generating public/private ed25519 key pair.
[   17.089436] cloud-init[714]: Your identification has been saved in /etc/ssh/ssh_host_ed25519_key.
[[   17.100223] cloud-init[714]: Your public key has been saved in /etc/ssh/ssh_host_ed25519_key.pub.
[   17.100361] cloud-init[714]: The key fingerprint is:
[0;32m  OK  [0m] Reached target Cloud-config availability.
[   17.101259] cloud-init[714]: SHA256:iujC9fQn9akucSTV+ACKHD0kIuD10lmaicRYzcZESN0 root@ubuntu-bionic
[[   17.105546] cloud-init[714]: The key's randomart image is:
[   17.105654] cloud-init[714]: +--[ED25519 256]--+
[   17.106977] cloud-init[714]: |+.=B@+.o. o      |
[   17.107514] cloud-init[714]: |o.=oBOBE + .     |
[0;32m  OK  [0m] Reached target System Initialization.
[   17.107692] cloud-init[714]: | . =.O. . o      |
[   17.109696] cloud-init[714]: |    .  . . .     |
[   17.110444] cloud-init[714]: |        S        |
[[   17.111186] cloud-init[714]: |   o o o o       |
[   17.111268] cloud-init[714]: |. o + o + . .    |
[   17.111844] cloud-init[714]: |.o   . + . o     |
[   17.112474] cloud-init[714]: | ..     =o.      |
[   17.113211] cloud-init[714]: +----[SHA256]-----+
[0;32m  OK  [0m] Started Message of the Day.
[[0;32m  OK  [0m] Listening on UUID daemon activation socket.
[[0;32m  OK  [0m] Listening on ACPID Listen Socket.
[[0;32m  OK  [0m] Listening on D-Bus System Message Bus Socket.
         Starting LXD - unix socket.
         Starting Socket activation for snappy daemon.
[[0;32m  OK  [0m] Started ACPI Events Check.
[[0;32m  OK  [0m] Reached target Paths.
[[0;32m  OK  [0m] Listening on Open-iSCSI iscsid Socket.
[[0;32m  OK  [0m] Started Daily Cleanup of Temporary Directories.
[[0;32m  OK  [0m] Started Discard unused blocks once a week.
[[0;32m  OK  [0m] Started Daily apt download activities.
[[0;32m  OK  [0m] Started Daily apt upgrade and clean activities.
[[0;32m  OK  [0m] Reached target Timers.
[[0;32m  OK  [0m] Reached target Network is Online.
[[0;32m  OK  [0m] Reached target Remote File Systems (Pre).
[[0;32m  OK  [0m] Reached target Remote File Systems.
         Starting Availability of block devices...
[[0;32m  OK  [0m] Listening on LXD - unix socket.
[[0;32m  OK  [0m] Listening on Socket activation for snappy daemon.
[[0;32m  OK  [0m] Started Availability of block devices.
[[0;32m  OK  [0m] Reached target Sockets.
[[0;32m  OK  [0m] Reached target Basic System.
[[0;32m  OK  [0m] Started Regular background program processing daemon.
         Starting LSB: Record successful boot for GRUB...
[[0;32m  OK  [0m] Started irqbalance daemon.
         Starting Login Service...
         Starting Virtualbox guest utils...
[[0;32m  OK  [0m] Started FUSE filesystem for LXC.
         Starting Dispatcher daemon for systemd-networkd...
         Starting Accounts Service...
         Starting Permit User Sessions...
         Starting LSB: automatic crash report generation...
         Starting Pollinate to seed the pseudo random number generator...
[[0;32m  OK  [0m] Started Deferred execution scheduler.
[[0;32m  OK  [0m] Started D-Bus System Message Bus.
[[0;32m  OK  [0m] Started Login Service.
[[0;32m  OK  [0m] Started Unattended Upgrades Shutdown.
         Starting System Logging Service...
         Starting Snap Daemon...
         Starting LXD - container startup/shutdown...
[[0;32m  OK  [0m] Started Permit User Sessions.
[[0;32m  OK  [0m] Started System Logging Service.
         Starting Authorization Manager...
         Starting Terminate Plymouth Boot Screen...
         Starting Hold until boot process finishes up...
[[0;32m  OK  [0m] Started Hold until boot process finishes up.
[[0;32m  OK  [0m] Started Terminate Plymouth Boot Screen.
         Starting Set console scheme...
[[0;32m  OK  [0m] Started Serial Getty on ttyS0.
[[0;32m  OK  [0m] Started Set console scheme.
[[0;32m  OK  [0m] Created slice system-getty.slice.
[[0;32m  OK  [0m] Started Getty on tty1.
[[0;32m  OK  [0m] Reached target Login Prompts.
[[0;32m  OK  [0m] Started LSB: automatic crash report generation.
[[0;32m  OK  [0m] Started LSB: Record successful boot for GRUB.
[[0;32m  OK  [0m] Started Authorization Manager.
[[0;32m  OK  [0m] Started Accounts Service.
[[0;32m  OK  [0m] Started Virtualbox guest utils.
[[0;32m  OK  [0m] Started LXD - container startup/shutdown.
[[0;32m  OK  [0m] Started Dispatcher daemon for systemd-networkd.
[[0;32m  OK  [0m] Started Snap Daemon.
         Starting Wait until snapd is fully seeded...
[[0;32m  OK  [0m] Started Pollinate to seed the pseudo random number generator.
         Starting OpenBSD Secure Shell server...
[[0;32m  OK  [0m] Started OpenBSD Secure Shell server.
[[0;32m  OK  [0m] Created slice User Slice of vagrant.
         Starting User Manager for UID 1000...
[[0;32m  OK  [0m] Started Session 1 of user vagrant.
[[0;32m  OK  [0m] Started User Manager for UID 1000.
         Stopping User Manager for UID 1000...
[[0;32m  OK  [0m] Stopped User Manager for UID 1000.
[[0;32m  OK  [0m] Removed slice User Slice of vagrant.
[[0;32m  OK  [0m] Created slice User Slice of vagrant.
         Starting User Manager for UID 1000...
[[0;32m  OK  [0m] Started Session 3 of user vagrant.
[[0;32m  OK  [0m] Started User Manager for UID 1000.

Ubuntu 18.04.5 LTS ubuntu-bionic ttyS0

ubuntu-bionic login: [   24.642008] cloud-init[1846]: Cloud-init v. 20.4.1-0ubuntu1~18.04.1 running 'modules:config' at Sun, 07 Mar 2021 16:43:16 +0000. Up 24.27 seconds.
ci-info: no authorized SSH keys fingerprints found for user ubuntu.
<14>Mar  7 16:43:16 ec2: 
<14>Mar  7 16:43:16 ec2: #############################################################
<14>Mar  7 16:43:16 ec2: -----BEGIN SSH HOST KEY FINGERPRINTS-----
<14>Mar  7 16:43:16 ec2: 1024 SHA256:FWryFkXyRGL3J8cqcVE5ibSa2R5Rv5xhc+fYB70KjwA root@ubuntu-bionic (DSA)
<14>Mar  7 16:43:16 ec2: 256 SHA256:lSvtoFmywj2h21aK3Nb2kdF0NURUyAP+WIdMhqgXTao root@ubuntu-bionic (ECDSA)
<14>Mar  7 16:43:16 ec2: 256 SHA256:iujC9fQn9akucSTV+ACKHD0kIuD10lmaicRYzcZESN0 root@ubuntu-bionic (ED25519)
<14>Mar  7 16:43:16 ec2: 2048 SHA256:Wn3wkhlV7paMNoGgvTHD5DashmBrlz6crfaRbx/mIfs root@ubuntu-bionic (RSA)
<14>Mar  7 16:43:16 ec2: -----END SSH HOST KEY FINGERPRINTS-----
<14>Mar  7 16:43:16 ec2: #############################################################
-----BEGIN SSH HOST KEY KEYS-----
ecdsa-sha2-nistp256 AAAAE2VjZHNhLXNoYTItbmlzdHAyNTYAAAAIbmlzdHAyNTYAAABBBGsvnnsz2T+h4WkSoOKgy0bl6MK0SXYzd48n6gNg3wosJFgI5QQjtzjVeNOENGSMVUDAZ/7mV7A+pc9WrNjW+tI= root@ubuntu-bionic
ssh-ed25519 AAAAC3NzaC1lZDI1NTE5AAAAIFHkRdCWQrVTBB6QykqxB8riQKN//qwemjUNW2CZDj2q root@ubuntu-bionic
ssh-rsa AAAAB3NzaC1yc2EAAAADAQABAAABAQDbiEqZD0dYZ3dNosAwQE97gs2180YbiANqX5XyJy6CAFBgFfKHD1J5ZZtIADawQwYckoQq/jZjasNwrNUIM9z+XZRnlRMAuYvVS4uytdT2H3IRB4uDmtCA7kOkNiuy8s44RkpV0pP/JMM61pmO9T7ht65vJnQYLKUYX+HkHLG86bEiS13PM+vbM12bOaeJtpk4ZCnm3w5ADdDOTqTUAbZkTh37m3w9Q3WwDTMQYtRUg01/HIFgRNg/BcAaSAPdab27TEiljRVdaYiNWlJXG5+qcR00UN6sLWwHDQsiBidFAUBcJq6jLl9UxOMlrfmIjrLwfNLh/JNaKVlA3bLhkT9P root@ubuntu-bionic
-----END SSH HOST KEY KEYS-----
[   25.135398] cloud-init[1927]: Cloud-init v. 20.4.1-0ubuntu1~18.04.1 running 'modules:final' at Sun, 07 Mar 2021 16:43:16 +0000. Up 25.00 seconds.
[   25.136383] cloud-init[1927]: ci-info: no authorized SSH keys fingerprints found for user ubuntu.
[   25.136781] cloud-init[1927]: Cloud-init v. 20.4.1-0ubuntu1~18.04.1 finished at Sun, 07 Mar 2021 16:43:16 +0000. Datasource DataSourceNoCloud [seed=/dev/sdb][dsmode=net].  Up 25.12 seconds
